
[TestScanAdoptionPromptShortTerminalSnapshot - 1]
✅ viewdistancefix-fabric-1.21.10-1.0.2.jar -> viewdistancefix-fabric-1.21.10-1.0.2 (viewdistancefix-fabric-1.21.10-1.0.
✅ voicechat-fabric-1.21.10-2.6.11.jar -> voicechat-fabric-1.21.10-2.6.11 (voicechat-fabric-1.21.10-2.6.11) [modrinth]  
                                                                                                                        
? cmd.scan.prompt.add cmd.init.prompt.confirm.suffix                                                                    
                                                                                                                        
key.enter key.help.accept • key.ctrl_c/key.esc key.help.quit                                                            
---
