
[TestNewAppModel - 1]
──────────────────                       
                    content              
  ❯ Init                                 
                                         
                                         
──────────────────                       
↑/↓ Navigate • ↵ Select • Q Quit • H Help
---
