
[TestNewAppModel - 1]
──────────────────                                      
                     Select a command from the sidebar  
  ❯ Init                                                
                                                        
                                                        
──────────────────                                      
↑/↓ Navigate • ↵ Select • Q Quit • H Help               
---
