
[TestListUnmanagedNoticeSnapshotShortHeight - 1]
stdout:
cmd.list.unmanaged.header
❌ unmanaged.jar

cmd.list.unmanaged.description
cmd.list.unmanaged.cta
stderr:

---

[TestListUnmanagedNoticeSnapshotTallHeight - 1]
stdout:
cmd.list.unmanaged.header
❌ unmanaged.jar

cmd.list.unmanaged.description
cmd.list.unmanaged.cta
stderr:

---
