
[TestTestCommandDefaultOutputSnapshot - 1]
stdout:
cmd.test.missing_support_header, Arg 1: {Count: 0, Data: &map[version:1.22.0]}
❌ MissingMod (proj-1)
❌ NoFileMod (proj-2)
❌ PlatformErrorMod (proj-3)
cmd.test.cannot_upgrade, Arg 1: {Count: 0, Data: &map[version:1.22.0]}
stderr:
cmd.test.error.platform, Arg 1: {Count: 0, Data: &map[name:PlatformErrorMod platform:curseforge reason:cmd.platform.error.reason.unknown, Arg 1: {Count: 0, Data: &map[platform:curseforge]}]}
cmd.test.error.platform_details, Arg 1: {Count: 0, Data: &map[details:platform timeout name:PlatformErrorMod platform:curseforge]}
---
