
[TestTestCommandDefaultOutputSnapshot - 1]
stdout:
cmd.test.header, Arg 1: {Count: 0, Data: &map[version:1.22.0]}

cmd.test.section.not_compatible
❌ MissingMod (proj-1) [modrinth]
❌ NoFileMod (proj-2) [modrinth]

cmd.test.section.inconclusive
❔ PlatformErrorMod (proj-3) [curseforge] cmd.platform.error.reason.unknown, Arg 1: {Count: 0, Data: &map[platform:curseforge]}

‼️ cmd.test.summary.inconclusive, Arg 1: {Count: 0, Data: &map[version:1.22.0]}

cmd.test.summary.inconclusive_hint, Arg 1: {Count: 0, Data: &map[version:1.22.0]}
stderr:

---
