
[TestTestUnmanagedNoticeSnapshotShortHeight - 1]
stdout:
cmd.list.unmanaged.header
❌ unmanaged.jar

cmd.list.unmanaged.description
cmd.list.unmanaged.cta
stderr:

---

[TestTestUnmanagedNoticeSnapshotTallHeight - 1]
stdout:
cmd.list.unmanaged.header
❌ unmanaged.jar

cmd.list.unmanaged.description
cmd.list.unmanaged.cta
stderr:

---
